[casadoalgoritmo.000webhostapp.com/index.html]
[backblue.gif]
[fade.gif]
[index.html]
[casadoalgoritmo.000webhostapp.com/vendor/font-awesome/css/font-awesome.min.css]
[casadoalgoritmo.000webhostapp.com/css/agency.min.css]
[casadoalgoritmo.000webhostapp.com/vendor/bootstrap/css/bootstrap.min.css]
[casadoalgoritmo.000webhostapp.com/img/portfolio/01-thumbnail.jpg]
[casadoalgoritmo.000webhostapp.com/img/portfolio/02-thumbnail.jpg]
[use.fontawesome.com/releases/v5.2.0/css/all.css]
[casadoalgoritmo.000webhostapp.com/img/portfolio/03-thumbnail.jpg]
[casadoalgoritmo.000webhostapp.com/img/portfolio/04-thumbnail.jpg]
[casadoalgoritmo.000webhostapp.com/img/portfolio/05-thumbnail.jpg]
[casadoalgoritmo.000webhostapp.com/img/portfolio/06-thumbnail.jpg]
[casadoalgoritmo.000webhostapp.com/img/about/1.jpg]
[casadoalgoritmo.000webhostapp.com/img/about/2.jpg]
[casadoalgoritmo.000webhostapp.com/img/about/3.jpg]
[casadoalgoritmo.000webhostapp.com/img/about/4.jpg]
[casadoalgoritmo.000webhostapp.com/img/team/HIAGO.png]
[casadoalgoritmo.000webhostapp.com/img/team/JUNIOR.png]
[casadoalgoritmo.000webhostapp.com/img/team/eduardo.png]
[casadoalgoritmo.000webhostapp.com/img/logos/envato.jpg]
[casadoalgoritmo.000webhostapp.com/img/logos/designmodo.jpg]
[casadoalgoritmo.000webhostapp.com/img/logos/themeforest.jpg]
[casadoalgoritmo.000webhostapp.com/img/logos/creative-market.jpg]
[casadoalgoritmo.000webhostapp.com/img/logo-maior.png]
[casadoalgoritmo.000webhostapp.com/img/portfolio/02-full.jpg]
[casadoalgoritmo.000webhostapp.com/img/portfolio/04-full.jpg]
[casadoalgoritmo.000webhostapp.com/img/portfolio/06-full.jpg]
[casadoalgoritmo.000webhostapp.com/vendor/bootstrap/js/bootstrap.bundle.min.js]
[casadoalgoritmo.000webhostapp.com/js/jqBootstrapValidation.js]
[casadoalgoritmo.000webhostapp.com/js/agency.min.js]
[raw.githubusercontent.com/000webhost/logo/e9bd13f7/footer-powered-by-000webhost-white2.png]
[casadoalgoritmo.000webhostapp.com/index.html]
[casadoalgoritmo.000webhostapp.com/vendor/bootstrap/css/bootstrap.min.css]
[casadoalgoritmo.000webhostapp.com/vendor/font-awesome/fonts/fontawesome-webfont3e6e.eot]
[casadoalgoritmo.000webhostapp.com/vendor/font-awesome/fonts/fontawesome-webfont3e6e.woff]
[casadoalgoritmo.000webhostapp.com/vendor/font-awesome/fonts/fontawesome-webfontd41d.eot]
[casadoalgoritmo.000webhostapp.com/vendor/font-awesome/fonts/fontawesome-webfont3e6e.ttf]
[casadoalgoritmo.000webhostapp.com/vendor/font-awesome/css/font-awesome.min.css]
[casadoalgoritmo.000webhostapp.com/img/header-bg.jpg]
[casadoalgoritmo.000webhostapp.com/img/map-image.png]
[casadoalgoritmo.000webhostapp.com/css/agency.min.css]
[use.fontawesome.com/releases/v5.2.0/css/all.css]
[casadoalgoritmo.000webhostapp.com/img/portfolio/01-full.jpg]
[casadoalgoritmo.000webhostapp.com/img/portfolio/05-full.jpg]
[casadoalgoritmo.000webhostapp.com/vendor/font-awesome/fonts/fontawesome-webfont3e6e.svg]
[casadoalgoritmo.000webhostapp.com/vendor/jquery-easing/jquery.easing.min.js]
[casadoalgoritmo.000webhostapp.com/vendor/jquery/jquery.min.js]
[casadoalgoritmo.000webhostapp.com/vendor/font-awesome/fonts/fontawesome-webfont3e6e.html]
[casadoalgoritmo.000webhostapp.com/vendor/font-awesome/fonts/fontawesome-webfont3e6e.svg]
[casadoalgoritmo.000webhostapp.com/js/contact_me.js]
[casadoalgoritmo.000webhostapp.com/img/portfolio/03-full.jpg]
